// Jest Snapshot v1, https://goo.gl/fbAQLP

exports[`Generate Snapshot renders the Modal component 1`] = `
Object {
  "asFragment": [Function],
  "baseElement": <body>
    <div>
      <div
        class="undefined modal"
      >
        <div
          class="Modal-Conteiner"
        >
          <div
            class="form-group"
          >
            <div
              class="Content"
            >
              <label
                class="Title"
                data-testid="modal-title"
              >
                The 
                3-D Man
                 hero series are:
              </label>
              <select
                class="form-control series"
                multiple=""
                size="5"
              >
                <option
                  class="OptionName"
                >
                  Avengers: The Initiative (2007 - 2010)
                </option>
                <option
                  class="OptionName"
                >
                  Deadpool (1997 - 2002)
                </option>
              </select>
              <div
                class="Hero-Description"
                data-testid="modal-desc"
              >
                Test Desc
              </div>
            </div>
            <div
              class="Hero-Helper"
            >
               
              click anywhere on the modal to close.
               
            </div>
          </div>
        </div>
      </div>
    </div>
  </body>,
  "container": <div>
    <div
      class="undefined modal"
    >
      <div
        class="Modal-Conteiner"
      >
        <div
          class="form-group"
        >
          <div
            class="Content"
          >
            <label
              class="Title"
              data-testid="modal-title"
            >
              The 
              3-D Man
               hero series are:
            </label>
            <select
              class="form-control series"
              multiple=""
              size="5"
            >
              <option
                class="OptionName"
              >
                Avengers: The Initiative (2007 - 2010)
              </option>
              <option
                class="OptionName"
              >
                Deadpool (1997 - 2002)
              </option>
            </select>
            <div
              class="Hero-Description"
              data-testid="modal-desc"
            >
              Test Desc
            </div>
          </div>
          <div
            class="Hero-Helper"
          >
             
            click anywhere on the modal to close.
             
          </div>
        </div>
      </div>
    </div>
  </div>,
  "debug": [Function],
  "findAllByAltText": [Function],
  "findAllByDisplayValue": [Function],
  "findAllByLabelText": [Function],
  "findAllByPlaceholderText": [Function],
  "findAllByRole": [Function],
  "findAllByTestId": [Function],
  "findAllByText": [Function],
  "findAllByTitle": [Function],
  "findByAltText": [Function],
  "findByDisplayValue": [Function],
  "findByLabelText": [Function],
  "findByPlaceholderText": [Function],
  "findByRole": [Function],
  "findByTestId": [Function],
  "findByText": [Function],
  "findByTitle": [Function],
  "getAllByAltText": [Function],
  "getAllByDisplayValue": [Function],
  "getAllByLabelText": [Function],
  "getAllByPlaceholderText": [Function],
  "getAllByRole": [Function],
  "getAllByTestId": [Function],
  "getAllByText": [Function],
  "getAllByTitle": [Function],
  "getByAltText": [Function],
  "getByDisplayValue": [Function],
  "getByLabelText": [Function],
  "getByPlaceholderText": [Function],
  "getByRole": [Function],
  "getByTestId": [Function],
  "getByText": [Function],
  "getByTitle": [Function],
  "queryAllByAltText": [Function],
  "queryAllByDisplayValue": [Function],
  "queryAllByLabelText": [Function],
  "queryAllByPlaceholderText": [Function],
  "queryAllByRole": [Function],
  "queryAllByTestId": [Function],
  "queryAllByText": [Function],
  "queryAllByTitle": [Function],
  "queryByAltText": [Function],
  "queryByDisplayValue": [Function],
  "queryByLabelText": [Function],
  "queryByPlaceholderText": [Function],
  "queryByRole": [Function],
  "queryByTestId": [Function],
  "queryByText": [Function],
  "queryByTitle": [Function],
  "rerender": [Function],
  "unmount": [Function],
}
`;
